[pagead2.googlesyndication.com/pagead/js/f.txt]
[backblue.gif]
[fade.gif]
[index.html]
[kit-pro.fontawesome.com/releases/v5.12.1/css/pro.min.css]
[i.imgur.com/YDT4557.jpg]
[MinerKing/static/images/bg-image.jpg]
[MinerKing/static/images/latest-projects/nitro-gen.png]
[MinerKing/static/images/latest-projects/cypher-selfbot.png]
[MinerKing/static/images/latest-projects/nsfw.png]
[MinerKing/static/js/jquery.min.js]
[MinerKing/static/js/jquery.validate.js]
[MinerKing/static/js/masonry.pkgd.js]
[MinerKing/static/js/imagesloaded.pkgd.js]
[MinerKing/static/js/masonry-filter.js]
[MinerKing/static/js/magnific-popup.js]
[MinerKing/static/js/jquery.mb.YTPlayer.js]
[MinerKing/static/js/particles.js]
[MinerKing/static/js/typed.js]
[MinerKing/static/js/main.js]
[MinerKing/index.html]
[MinerKing/static/css/basic.css]
[MinerKing/static/css/layout.css]
[MinerKing/static/css/blogs.css]
[kit-pro.fontawesome.com/releases/v5.12.1/css/pro.min.css]
[MinerKing/static/css/magnific-popup.css]
[MinerKing/static/css/animate.css]
[MinerKing/links.html]